mode: atomic
github.com/dlima78/gocourse/src/model/service/create_user.go:10.133,16.17 4 4
github.com/dlima78/gocourse/src/model/service/create_user.go:16.17,19.3 2 1
github.com/dlima78/gocourse/src/model/service/create_user.go:21.2,22.16 2 3
github.com/dlima78/gocourse/src/model/service/create_user.go:22.16,25.3 2 1
github.com/dlima78/gocourse/src/model/service/create_user.go:27.2,33.34 2 2
github.com/dlima78/gocourse/src/model/service/delete_user.go:9.81,13.16 3 2
github.com/dlima78/gocourse/src/model/service/delete_user.go:13.16,19.3 2 1
github.com/dlima78/gocourse/src/model/service/delete_user.go:21.2,23.12 2 1
github.com/dlima78/gocourse/src/model/service/find_user.go:11.48,15.2 2 1
github.com/dlima78/gocourse/src/model/service/find_user.go:17.48,21.2 2 1
github.com/dlima78/gocourse/src/model/service/find_user.go:24.48,28.2 2 0
github.com/dlima78/gocourse/src/model/service/update_user.go:10.119,14.20 3 3
github.com/dlima78/gocourse/src/model/service/update_user.go:14.20,17.3 2 1
github.com/dlima78/gocourse/src/model/service/update_user.go:19.2,20.16 2 2
github.com/dlima78/gocourse/src/model/service/update_user.go:20.16,25.3 2 1
github.com/dlima78/gocourse/src/model/service/update_user.go:27.2,33.12 2 1
github.com/dlima78/gocourse/src/model/service/user_interface.go:9.87,11.2 1 11
github.com/dlima78/gocourse/src/model/service/user_login.go:12.58,21.16 4 0
github.com/dlima78/gocourse/src/model/service/user_login.go:21.16,23.3 1 0
github.com/dlima78/gocourse/src/model/service/user_login.go:25.2,26.16 2 0
github.com/dlima78/gocourse/src/model/service/user_login.go:26.16,28.3 1 0
github.com/dlima78/gocourse/src/model/service/user_login.go:30.2,36.25 2 0
github.com/dlima78/gocourse/src/model/repository/create_user_repository.go:18.50,30.17 6 9
github.com/dlima78/gocourse/src/model/repository/create_user_repository.go:30.17,36.3 3 1
github.com/dlima78/gocourse/src/model/repository/create_user_repository.go:38.2,39.16 2 8
github.com/dlima78/gocourse/src/model/repository/create_user_repository.go:39.16,44.3 2 0
github.com/dlima78/gocourse/src/model/repository/create_user_repository.go:46.2,58.53 4 8
github.com/dlima78/gocourse/src/model/repository/delete_user_repository.go:15.71,24.16 5 2
github.com/dlima78/gocourse/src/model/repository/delete_user_repository.go:24.16,28.3 3 1
github.com/dlima78/gocourse/src/model/repository/delete_user_repository.go:30.2,38.16 4 1
github.com/dlima78/gocourse/src/model/repository/delete_user_repository.go:38.16,39.34 1 0
github.com/dlima78/gocourse/src/model/repository/delete_user_repository.go:39.34,44.4 3 0
github.com/dlima78/gocourse/src/model/repository/delete_user_repository.go:46.3,49.55 3 0
github.com/dlima78/gocourse/src/model/repository/delete_user_repository.go:52.2,54.12 2 1
github.com/dlima78/gocourse/src/model/repository/find_user_repository.go:18.104,31.16 7 12
github.com/dlima78/gocourse/src/model/repository/find_user_repository.go:31.16,32.34 1 10
github.com/dlima78/gocourse/src/model/repository/find_user_repository.go:32.34,36.4 3 10
github.com/dlima78/gocourse/src/model/repository/find_user_repository.go:37.3,39.60 3 0
github.com/dlima78/gocourse/src/model/repository/find_user_repository.go:42.2,47.58 2 2
github.com/dlima78/gocourse/src/model/repository/find_user_repository.go:52.50,63.16 6 3
github.com/dlima78/gocourse/src/model/repository/find_user_repository.go:63.16,67.3 3 1
github.com/dlima78/gocourse/src/model/repository/find_user_repository.go:69.2,84.16 5 2
github.com/dlima78/gocourse/src/model/repository/find_user_repository.go:84.16,85.34 1 0
github.com/dlima78/gocourse/src/model/repository/find_user_repository.go:85.34,93.4 3 0
github.com/dlima78/gocourse/src/model/repository/find_user_repository.go:94.3,99.60 3 0
github.com/dlima78/gocourse/src/model/repository/find_user_repository.go:102.2,105.58 2 2
github.com/dlima78/gocourse/src/model/repository/find_user_repository.go:108.125,124.16 7 2
github.com/dlima78/gocourse/src/model/repository/find_user_repository.go:124.16,125.34 1 1
github.com/dlima78/gocourse/src/model/repository/find_user_repository.go:125.34,129.4 3 1
github.com/dlima78/gocourse/src/model/repository/find_user_repository.go:130.3,132.60 3 0
github.com/dlima78/gocourse/src/model/repository/find_user_repository.go:135.2,140.58 2 1
github.com/dlima78/gocourse/src/model/repository/test_helper.go:21.70,26.16 3 11
github.com/dlima78/gocourse/src/model/repository/test_helper.go:26.16,28.3 1 0
github.com/dlima78/gocourse/src/model/repository/test_helper.go:31.2,32.16 2 11
github.com/dlima78/gocourse/src/model/repository/test_helper.go:32.16,35.3 2 0
github.com/dlima78/gocourse/src/model/repository/test_helper.go:38.2,40.16 3 11
github.com/dlima78/gocourse/src/model/repository/test_helper.go:40.16,43.3 2 0
github.com/dlima78/gocourse/src/model/repository/test_helper.go:46.2,46.46 1 11
github.com/dlima78/gocourse/src/model/repository/test_helper.go:46.46,50.3 3 0
github.com/dlima78/gocourse/src/model/repository/test_helper.go:52.2,59.3 2 11
github.com/dlima78/gocourse/src/model/repository/test_helper.go:63.42,64.55 1 11
github.com/dlima78/gocourse/src/model/repository/test_helper.go:64.55,66.3 1 0
github.com/dlima78/gocourse/src/model/repository/test_helper.go:67.2,67.41 1 11
github.com/dlima78/gocourse/src/model/repository/update_user_repository.go:19.21,31.16 7 2
github.com/dlima78/gocourse/src/model/repository/update_user_repository.go:31.16,35.3 3 1
github.com/dlima78/gocourse/src/model/repository/update_user_repository.go:37.2,41.16 4 1
github.com/dlima78/gocourse/src/model/repository/update_user_repository.go:41.16,46.3 2 0
github.com/dlima78/gocourse/src/model/repository/update_user_repository.go:48.2,54.12 2 1
github.com/dlima78/gocourse/src/model/repository/user_repository.go:13.65,17.2 1 11
github.com/dlima78/gocourse/src/controller/create_user.go:19.63,25.55 3 4
github.com/dlima78/gocourse/src/controller/create_user.go:25.55,32.3 4 1
github.com/dlima78/gocourse/src/controller/create_user.go:34.2,42.16 3 3
github.com/dlima78/gocourse/src/controller/create_user.go:42.16,49.3 3 2
github.com/dlima78/gocourse/src/controller/create_user.go:51.2,57.67 2 1
github.com/dlima78/gocourse/src/controller/delete_user.go:11.63,18.16 4 3
github.com/dlima78/gocourse/src/controller/delete_user.go:18.16,25.3 3 2
github.com/dlima78/gocourse/src/controller/delete_user.go:27.2,33.25 2 1
github.com/dlima78/gocourse/src/controller/find_user.go:16.65,23.56 3 3
github.com/dlima78/gocourse/src/controller/find_user.go:23.56,34.3 4 1
github.com/dlima78/gocourse/src/controller/find_user.go:36.2,37.16 2 2
github.com/dlima78/gocourse/src/controller/find_user.go:37.16,44.3 3 1
github.com/dlima78/gocourse/src/controller/find_user.go:46.2,51.4 2 1
github.com/dlima78/gocourse/src/controller/find_user.go:54.68,58.56 3 3
github.com/dlima78/gocourse/src/controller/find_user.go:58.56,64.3 4 1
github.com/dlima78/gocourse/src/controller/find_user.go:66.2,67.16 2 2
github.com/dlima78/gocourse/src/controller/find_user.go:67.16,71.3 3 1
github.com/dlima78/gocourse/src/controller/find_user.go:73.2,78.65 2 1
github.com/dlima78/gocourse/src/controller/login_user.go:15.62,21.60 3 2
github.com/dlima78/gocourse/src/controller/login_user.go:21.60,28.3 4 1
github.com/dlima78/gocourse/src/controller/login_user.go:30.2,37.16 3 1
github.com/dlima78/gocourse/src/controller/login_user.go:37.16,44.3 3 1
github.com/dlima78/gocourse/src/controller/login_user.go:46.2,54.67 3 0
github.com/dlima78/gocourse/src/controller/update_user.go:15.63,24.35 4 3
github.com/dlima78/gocourse/src/controller/update_user.go:24.35,31.3 4 1
github.com/dlima78/gocourse/src/controller/update_user.go:33.2,39.16 3 2
github.com/dlima78/gocourse/src/controller/update_user.go:39.16,46.3 3 1
github.com/dlima78/gocourse/src/controller/update_user.go:48.2,54.25 2 1
github.com/dlima78/gocourse/src/controller/user_controller.go:8.83,12.2 1 18
github.com/dlima78/gocourse/src/configuration/mongo_types.go:22.55,24.2 1 0
github.com/dlima78/gocourse/src/configuration/mongo_types.go:27.29,29.2 1 0
github.com/dlima78/gocourse/src/configuration/mongo_types.go:32.39,35.2 2 0
github.com/dlima78/gocourse/src/configuration/rest_err.go:19.34,21.2 1 0
github.com/dlima78/gocourse/src/configuration/rest_err.go:23.74,30.2 1 0
github.com/dlima78/gocourse/src/configuration/rest_err.go:32.50,38.2 1 0
github.com/dlima78/gocourse/src/configuration/rest_err.go:40.77,47.2 1 0
github.com/dlima78/gocourse/src/configuration/rest_err.go:49.54,55.2 1 0
github.com/dlima78/gocourse/src/configuration/rest_err.go:57.48,63.2 1 0
github.com/dlima78/gocourse/src/configuration/rest_err.go:65.49,71.2 1 0
github.com/dlima78/gocourse/src/configuration/rest_err.go:72.52,78.2 1 0
github.com/dlima78/gocourse/src/configuration/database/mongodb/mongodb_connection.go:17.73,23.16 4 0
github.com/dlima78/gocourse/src/configuration/database/mongodb/mongodb_connection.go:23.16,25.3 1 0
github.com/dlima78/gocourse/src/configuration/database/mongodb/mongodb_connection.go:26.2,29.46 3 0
github.com/dlima78/gocourse/src/configuration/database/mongodb/mongodb_connection.go:29.46,31.3 1 0
github.com/dlima78/gocourse/src/configuration/database/mongodb/mongodb_connection.go:33.2,33.47 1 0
github.com/dlima78/gocourse/src/configuration/validation/validation_user.go:20.13,21.69 1 0
github.com/dlima78/gocourse/src/configuration/validation/validation_user.go:21.69,26.3 4 0
github.com/dlima78/gocourse/src/configuration/validation/validation_user.go:29.64,33.41 3 0
github.com/dlima78/gocourse/src/configuration/validation/validation_user.go:33.41,35.3 1 0
github.com/dlima78/gocourse/src/configuration/validation/validation_user.go:35.8,35.60 1 0
github.com/dlima78/gocourse/src/configuration/validation/validation_user.go:35.60,38.65 2 0
github.com/dlima78/gocourse/src/configuration/validation/validation_user.go:38.65,44.4 2 0
github.com/dlima78/gocourse/src/configuration/validation/validation_user.go:45.3,45.88 1 0
github.com/dlima78/gocourse/src/configuration/validation/validation_user.go:46.8,48.3 1 0
github.com/dlima78/gocourse/src/configuration/logger/logger.go:18.13,34.2 2 0
github.com/dlima78/gocourse/src/configuration/logger/logger.go:36.46,39.2 2 0
github.com/dlima78/gocourse/src/configuration/logger/logger.go:41.58,45.2 3 0
github.com/dlima78/gocourse/src/configuration/logger/logger.go:47.29,49.18 2 0
github.com/dlima78/gocourse/src/configuration/logger/logger.go:49.18,51.3 1 0
github.com/dlima78/gocourse/src/configuration/logger/logger.go:52.2,52.15 1 0
github.com/dlima78/gocourse/src/configuration/logger/logger.go:55.35,56.66 1 0
github.com/dlima78/gocourse/src/configuration/logger/logger.go:57.14,58.27 1 0
github.com/dlima78/gocourse/src/configuration/logger/logger.go:59.15,60.28 1 0
github.com/dlima78/gocourse/src/configuration/logger/logger.go:61.15,62.28 1 0
github.com/dlima78/gocourse/src/configuration/logger/logger.go:63.10,64.27 1 0
github.com/dlima78/gocourse/src/model/repository/entity/converter/convert_domain_to_entity.go:8.81,15.2 1 0
github.com/dlima78/gocourse/src/model/repository/entity/converter/convert_entity_to_domain.go:8.80,18.2 3 0
github.com/dlima78/gocourse/src/model/user_domain.go:11.40,13.2 1 0
github.com/dlima78/gocourse/src/model/user_domain.go:14.38,16.2 1 0
github.com/dlima78/gocourse/src/model/user_domain.go:18.41,20.2 1 0
github.com/dlima78/gocourse/src/model/user_domain.go:22.44,24.2 1 0
github.com/dlima78/gocourse/src/model/user_domain.go:26.40,28.2 1 0
github.com/dlima78/gocourse/src/model/user_domain.go:30.37,32.2 1 0
github.com/dlima78/gocourse/src/model/user_domain_interface.go:16.80,18.2 1 0
github.com/dlima78/gocourse/src/model/user_domain_interface.go:20.69,22.2 1 0
github.com/dlima78/gocourse/src/model/user_domain_interface.go:24.69,26.2 1 0
github.com/dlima78/gocourse/src/model/user_domain_password.go:8.41,13.2 4 0
github.com/dlima78/gocourse/src/model/user_token_domain.go:19.67,33.16 5 0
github.com/dlima78/gocourse/src/model/user_token_domain.go:33.16,38.3 2 0
github.com/dlima78/gocourse/src/model/user_token_domain.go:39.2,39.25 1 0
github.com/dlima78/gocourse/src/model/user_token_domain.go:42.44,46.70 3 0
github.com/dlima78/gocourse/src/model/user_token_domain.go:46.70,47.53 1 0
github.com/dlima78/gocourse/src/model/user_token_domain.go:47.53,49.4 1 0
github.com/dlima78/gocourse/src/model/user_token_domain.go:50.3,50.59 1 0
github.com/dlima78/gocourse/src/model/user_token_domain.go:53.2,53.16 1 0
github.com/dlima78/gocourse/src/model/user_token_domain.go:53.16,58.3 4 0
github.com/dlima78/gocourse/src/model/user_token_domain.go:60.2,61.25 2 0
github.com/dlima78/gocourse/src/model/user_token_domain.go:61.25,66.3 4 0
github.com/dlima78/gocourse/src/model/user_token_domain.go:68.2,75.64 2 0
github.com/dlima78/gocourse/src/model/user_token_domain.go:78.46,81.2 2 0
github.com/dlima78/gocourse/src/controller/mocks/mock_gin.go:12.77,20.2 4 0
github.com/dlima78/gocourse/src/controller/mocks/mock_gin.go:22.101,29.2 5 0
github.com/dlima78/gocourse/src/controller/mocks/mock_user_controller.go:13.121,15.24 2 0
github.com/dlima78/gocourse/src/controller/mocks/mock_user_controller.go:15.24,16.25 1 0
github.com/dlima78/gocourse/src/controller/mocks/mock_user_controller.go:16.25,18.4 1 0
github.com/dlima78/gocourse/src/controller/mocks/mock_user_controller.go:19.3,19.46 1 0
github.com/dlima78/gocourse/src/controller/mocks/mock_user_controller.go:21.2,21.24 1 0
github.com/dlima78/gocourse/src/controller/mocks/mock_user_controller.go:21.24,23.3 1 0
github.com/dlima78/gocourse/src/controller/mocks/mock_user_controller.go:24.2,24.81 1 0
github.com/dlima78/gocourse/src/controller/mocks/mock_user_controller.go:26.103,28.24 2 0
github.com/dlima78/gocourse/src/controller/mocks/mock_user_controller.go:28.24,30.3 1 0
github.com/dlima78/gocourse/src/controller/mocks/mock_user_controller.go:31.2,31.40 1 0
github.com/dlima78/gocourse/src/controller/mocks/mock_user_controller.go:33.111,35.24 2 0
github.com/dlima78/gocourse/src/controller/mocks/mock_user_controller.go:35.24,36.25 1 0
github.com/dlima78/gocourse/src/controller/mocks/mock_user_controller.go:36.25,38.4 1 0
github.com/dlima78/gocourse/src/controller/mocks/mock_user_controller.go:39.3,39.46 1 0
github.com/dlima78/gocourse/src/controller/mocks/mock_user_controller.go:41.2,41.24 1 0
github.com/dlima78/gocourse/src/controller/mocks/mock_user_controller.go:41.24,43.3 1 0
github.com/dlima78/gocourse/src/controller/mocks/mock_user_controller.go:44.2,44.81 1 0
github.com/dlima78/gocourse/src/controller/mocks/mock_user_controller.go:46.105,48.24 2 0
github.com/dlima78/gocourse/src/controller/mocks/mock_user_controller.go:48.24,49.25 1 0
github.com/dlima78/gocourse/src/controller/mocks/mock_user_controller.go:49.25,51.4 1 0
github.com/dlima78/gocourse/src/controller/mocks/mock_user_controller.go:52.3,52.46 1 0
github.com/dlima78/gocourse/src/controller/mocks/mock_user_controller.go:54.2,54.24 1 0
github.com/dlima78/gocourse/src/controller/mocks/mock_user_controller.go:54.24,56.3 1 0
github.com/dlima78/gocourse/src/controller/mocks/mock_user_controller.go:57.2,57.81 1 0
github.com/dlima78/gocourse/src/controller/mocks/mock_user_controller.go:59.74,61.24 2 0
github.com/dlima78/gocourse/src/controller/mocks/mock_user_controller.go:61.24,63.3 1 0
github.com/dlima78/gocourse/src/controller/mocks/mock_user_controller.go:64.2,64.40 1 0
github.com/dlima78/gocourse/src/controller/mocks/mock_user_controller.go:66.128,68.24 2 0
github.com/dlima78/gocourse/src/controller/mocks/mock_user_controller.go:68.24,69.25 1 0
github.com/dlima78/gocourse/src/controller/mocks/mock_user_controller.go:69.25,71.4 1 0
github.com/dlima78/gocourse/src/controller/mocks/mock_user_controller.go:72.3,72.50 1 0
github.com/dlima78/gocourse/src/controller/mocks/mock_user_controller.go:74.2,74.24 1 0
github.com/dlima78/gocourse/src/controller/mocks/mock_user_controller.go:74.24,76.3 1 0
github.com/dlima78/gocourse/src/controller/mocks/mock_user_controller.go:77.2,77.97 1 0
github.com/dlima78/gocourse/src/controller/routes/routes.go:9.88,16.2 6 0
github.com/dlima78/gocourse/src/view/convert_domain_to_response.go:10.25,17.2 1 0
github.com/dlima78/gocourse/src/model/service/mocks/mock_user_repository.go:13.120,15.24 2 0
github.com/dlima78/gocourse/src/model/service/mocks/mock_user_repository.go:15.24,16.25 1 0
github.com/dlima78/gocourse/src/model/service/mocks/mock_user_repository.go:16.25,18.4 1 0
github.com/dlima78/gocourse/src/model/service/mocks/mock_user_repository.go:19.3,19.46 1 0
github.com/dlima78/gocourse/src/model/service/mocks/mock_user_repository.go:21.2,21.24 1 0
github.com/dlima78/gocourse/src/model/service/mocks/mock_user_repository.go:21.24,23.3 1 0
github.com/dlima78/gocourse/src/model/service/mocks/mock_user_repository.go:24.2,24.81 1 0
github.com/dlima78/gocourse/src/model/service/mocks/mock_user_repository.go:27.107,29.24 2 0
github.com/dlima78/gocourse/src/model/service/mocks/mock_user_repository.go:29.24,30.25 1 0
github.com/dlima78/gocourse/src/model/service/mocks/mock_user_repository.go:30.25,32.4 1 0
github.com/dlima78/gocourse/src/model/service/mocks/mock_user_repository.go:33.3,33.46 1 0
github.com/dlima78/gocourse/src/model/service/mocks/mock_user_repository.go:35.2,35.24 1 0
github.com/dlima78/gocourse/src/model/service/mocks/mock_user_repository.go:35.24,37.3 1 0
github.com/dlima78/gocourse/src/model/service/mocks/mock_user_repository.go:38.2,38.81 1 0
github.com/dlima78/gocourse/src/model/service/mocks/mock_user_repository.go:41.101,43.24 2 0
github.com/dlima78/gocourse/src/model/service/mocks/mock_user_repository.go:43.24,44.25 1 0
github.com/dlima78/gocourse/src/model/service/mocks/mock_user_repository.go:44.25,46.4 1 0
github.com/dlima78/gocourse/src/model/service/mocks/mock_user_repository.go:47.3,47.46 1 0
github.com/dlima78/gocourse/src/model/service/mocks/mock_user_repository.go:49.2,49.24 1 0
github.com/dlima78/gocourse/src/model/service/mocks/mock_user_repository.go:49.24,51.3 1 0
github.com/dlima78/gocourse/src/model/service/mocks/mock_user_repository.go:52.2,52.81 1 0
github.com/dlima78/gocourse/src/model/service/mocks/mock_user_repository.go:55.102,57.24 2 0
github.com/dlima78/gocourse/src/model/service/mocks/mock_user_repository.go:57.24,59.3 1 0
github.com/dlima78/gocourse/src/model/service/mocks/mock_user_repository.go:60.2,60.40 1 0
github.com/dlima78/gocourse/src/model/service/mocks/mock_user_repository.go:63.70,65.24 2 0
github.com/dlima78/gocourse/src/model/service/mocks/mock_user_repository.go:65.24,67.3 1 0
github.com/dlima78/gocourse/src/model/service/mocks/mock_user_repository.go:68.2,68.40 1 0
github.com/dlima78/gocourse/src/model/service/mocks/mock_user_repository.go:71.119,73.24 2 0
github.com/dlima78/gocourse/src/model/service/mocks/mock_user_repository.go:73.24,74.25 1 0
github.com/dlima78/gocourse/src/model/service/mocks/mock_user_repository.go:74.25,76.4 1 0
github.com/dlima78/gocourse/src/model/service/mocks/mock_user_repository.go:77.3,77.46 1 0
github.com/dlima78/gocourse/src/model/service/mocks/mock_user_repository.go:79.2,79.24 1 0
github.com/dlima78/gocourse/src/model/service/mocks/mock_user_repository.go:79.24,81.3 1 0
github.com/dlima78/gocourse/src/model/service/mocks/mock_user_repository.go:82.2,82.81 1 0
github.com/dlima78/gocourse/src/model/service/mocks/mock_user_repository.go:85.128,87.24 2 0
github.com/dlima78/gocourse/src/model/service/mocks/mock_user_repository.go:87.24,88.25 1 0
github.com/dlima78/gocourse/src/model/service/mocks/mock_user_repository.go:88.25,90.4 1 0
github.com/dlima78/gocourse/src/model/service/mocks/mock_user_repository.go:91.3,91.46 1 0
github.com/dlima78/gocourse/src/model/service/mocks/mock_user_repository.go:93.2,93.24 1 0
github.com/dlima78/gocourse/src/model/service/mocks/mock_user_repository.go:93.24,95.3 1 0
github.com/dlima78/gocourse/src/model/service/mocks/mock_user_repository.go:96.2,96.81 1 0
