mode: atomic
github.com/dlima78/gocourse/src/model/repository/create_user_repository.go:18.50,30.17 6 6
github.com/dlima78/gocourse/src/model/repository/create_user_repository.go:30.17,36.3 3 1
github.com/dlima78/gocourse/src/model/repository/create_user_repository.go:38.2,39.16 2 5
github.com/dlima78/gocourse/src/model/repository/create_user_repository.go:39.16,44.3 2 0
github.com/dlima78/gocourse/src/model/repository/create_user_repository.go:46.2,58.53 4 5
github.com/dlima78/gocourse/src/model/repository/delete_user_repository.go:15.71,24.16 5 2
github.com/dlima78/gocourse/src/model/repository/delete_user_repository.go:24.16,28.3 3 1
github.com/dlima78/gocourse/src/model/repository/delete_user_repository.go:30.2,38.16 4 1
github.com/dlima78/gocourse/src/model/repository/delete_user_repository.go:38.16,39.34 1 0
github.com/dlima78/gocourse/src/model/repository/delete_user_repository.go:39.34,44.4 3 0
github.com/dlima78/gocourse/src/model/repository/delete_user_repository.go:46.3,49.55 3 0
github.com/dlima78/gocourse/src/model/repository/delete_user_repository.go:52.2,54.12 2 1
github.com/dlima78/gocourse/src/model/repository/find_user_repository.go:18.104,31.16 7 9
github.com/dlima78/gocourse/src/model/repository/find_user_repository.go:31.16,32.34 1 7
github.com/dlima78/gocourse/src/model/repository/find_user_repository.go:32.34,36.4 3 7
github.com/dlima78/gocourse/src/model/repository/find_user_repository.go:37.3,39.60 3 0
github.com/dlima78/gocourse/src/model/repository/find_user_repository.go:42.2,47.58 2 2
github.com/dlima78/gocourse/src/model/repository/find_user_repository.go:52.50,63.16 6 2
github.com/dlima78/gocourse/src/model/repository/find_user_repository.go:63.16,67.3 3 1
github.com/dlima78/gocourse/src/model/repository/find_user_repository.go:69.2,84.16 5 1
github.com/dlima78/gocourse/src/model/repository/find_user_repository.go:84.16,85.34 1 0
github.com/dlima78/gocourse/src/model/repository/find_user_repository.go:85.34,93.4 3 0
github.com/dlima78/gocourse/src/model/repository/find_user_repository.go:94.3,99.60 3 0
github.com/dlima78/gocourse/src/model/repository/find_user_repository.go:102.2,105.58 2 1
github.com/dlima78/gocourse/src/model/repository/find_user_repository.go:108.125,124.16 7 0
github.com/dlima78/gocourse/src/model/repository/find_user_repository.go:124.16,125.34 1 0
github.com/dlima78/gocourse/src/model/repository/find_user_repository.go:125.34,129.4 3 0
github.com/dlima78/gocourse/src/model/repository/find_user_repository.go:130.3,132.60 3 0
github.com/dlima78/gocourse/src/model/repository/find_user_repository.go:135.2,140.58 2 0
github.com/dlima78/gocourse/src/model/repository/test_helper.go:21.70,26.16 3 7
github.com/dlima78/gocourse/src/model/repository/test_helper.go:26.16,28.3 1 0
github.com/dlima78/gocourse/src/model/repository/test_helper.go:31.2,32.16 2 7
github.com/dlima78/gocourse/src/model/repository/test_helper.go:32.16,35.3 2 0
github.com/dlima78/gocourse/src/model/repository/test_helper.go:38.2,40.16 3 7
github.com/dlima78/gocourse/src/model/repository/test_helper.go:40.16,43.3 2 0
github.com/dlima78/gocourse/src/model/repository/test_helper.go:46.2,46.46 1 7
github.com/dlima78/gocourse/src/model/repository/test_helper.go:46.46,50.3 3 0
github.com/dlima78/gocourse/src/model/repository/test_helper.go:52.2,59.3 2 7
github.com/dlima78/gocourse/src/model/repository/test_helper.go:63.42,64.55 1 7
github.com/dlima78/gocourse/src/model/repository/test_helper.go:64.55,66.3 1 0
github.com/dlima78/gocourse/src/model/repository/test_helper.go:67.2,67.41 1 7
github.com/dlima78/gocourse/src/model/repository/update_user_repository.go:19.21,31.16 7 0
github.com/dlima78/gocourse/src/model/repository/update_user_repository.go:31.16,35.3 3 0
github.com/dlima78/gocourse/src/model/repository/update_user_repository.go:37.2,41.16 4 0
github.com/dlima78/gocourse/src/model/repository/update_user_repository.go:41.16,46.3 2 0
github.com/dlima78/gocourse/src/model/repository/update_user_repository.go:48.2,54.12 2 0
github.com/dlima78/gocourse/src/model/repository/user_repository.go:13.65,17.2 1 7
github.com/dlima78/gocourse/src/model/repository/entity/converter/convert_domain_to_entity.go:8.81,15.2 1 0
github.com/dlima78/gocourse/src/model/repository/entity/converter/convert_entity_to_domain.go:8.80,18.2 3 0
